// Jest Snapshot v1, https://goo.gl/fbAQLP

exports[`convert array to modern type 1`] = `
"/**
 * @typedef {import(\\"react-native-reanimated\\").default.Adaptable<number>} Adaptable
 * @param {Adaptable} animNode
 * @param {object} InterpolationConfig
 * @param {ReadonlyArray<Adaptable>} InterpolationConfig.inputRange Like [0,1]
 * @param {string[]} InterpolationConfig.outputRange Like
 *     [\\"#0000ff\\",\\"#ff0000\\"]
 * @param {import(\\"react-native-reanimated\\").default.Extrapolate} [InterpolationConfig.extrapolate]
 */
function a() {}
"
`;
