// Jest Snapshot v1, https://goo.gl/fbAQLP

exports[`description contain paragraph 1`] = `
"/**
 * Does the following things:
 *
 *     1. Thing 1
 *
 *     2. Thing 2
 *
 *     3. Thing 3
 */
"
`;

exports[`description contain paragraph 2`] = `
"/**
 * Does the following things:
 *
 *     1. Thing 1
 *     2. Thing 2
 *     3. Thing 3
 */
"
`;

exports[`description contain paragraph 3`] = `
"class test {
  /**
   * Lorem ipsum dolor sit amet, consectetur adipiscing elit, sed do eiusmod
   * tempor incididunt ut labore et dolore magna aliqua.
   *
   * Ut enim ad minim veniam, quis nostrud exercitation ullamco laboris nisi
   * ut aliquip ex ea commodo consequat. Duis aute irure dolor in
   * reprehenderit in voluptate velit esse cillum dolore eu fugiat nulla
   * pariatur. Excepteur sint occaecat cupidatat non proident, sunt in culpa
   * qui officia deserunt mollit anim id est laborum.
   *
   * Lorem ipsum dolor sit amet, consectetur adipiscing elit, sed do eiusmod
   * tempor incididunt ut labore et dolore magna aliqua. Ut enim ad minim
   * veniam, quis nostrud exercitation ullamco laboris nisi ut aliquip ex ea
   * commodo consequat. Duis aute irure dolor in reprehenderit in voluptate
   * velit esse cillum dolore eu fugiat nulla pariatur. Excepteur sint
   * occaecat cupidatat non proident, sunt in culpa qui officia deserunt
   * mollit anim id est laborum.
   *     Lorem ipsum dolor sit amet, consectetur adipiscing elit, sed do eiusmod
   * tempor incididunt ut labore et dolore magna aliqua. Ut enim ad minim
   * veniam, quis nostrud exercitation ullamco laboris nisi ut aliquip ex ea
   * commodo consequat. Duis aute irure dolor in reprehenderit in voluptate
   * velit esse cillum dolore eu fugiat nulla pariatur. Excepteur sint
   * occaecat cupidatat non proident, sunt in culpa qui officia deserunt
   * mollit anim id est laborum.
   */
  a() {}
}
"
`;

exports[`description contain paragraph 4`] = `
"/**
 * Transforms data
 *
 * @override
 */

/**
 * Bounce give a renderContent and show that around children when isVisible is
 * true
 *
 * @example
 *   <Bounce
 *     isVisible={isVisible}
 *     dismiss={() => setVisible(false)}
 *     renderContent={() => {
 *       return <InsideOfPopeUp />;
 *     }}
 *   >
 *     <Button />
 *   </Bounce>;
 *
 * @type {React.FC<BounceProps>}
 */
"
`;
